[ 46%] Built target markov_cero_core
[ 46%] Linking CXX executable markov-cero-info
[ 47%] Linking CXX executable markov-cero-mps-inspect
[ 47%] Linking CXX executable markov-cero-iis
[ 47%] Linking CXX executable classifier_test
[ 47%] Linking CXX executable markov-cero-verify-mip
[ 47%] Linking CXX executable model_test
[ 48%] Linking CXX executable build_info_test
[ 49%] Linking CXX executable markov-cero-solve
[ 49%] Built target build_info_test
[ 49%] Built target markov-cero-mps-inspect
[ 49%] Built target classifier_test
[ 49%] Linking CXX executable ml_branching_test
[ 50%] Linking CXX executable nlp_sqp_test
[ 50%] Built target markov-cero-iis
[ 51%] Built target markov-cero-info
[ 51%] Linking CXX executable nlp_rosenbrock_test
[ 51%] Built target markov-cero-solve
[ 51%] Building CXX object CMakeFiles/nlp_constrained_test.dir/tests/nlp_constrained_test.cpp.o
[ 52%] Building CXX object CMakeFiles/minlp_basic_test.dir/tests/minlp_basic_test.cpp.o
[ 52%] Building CXX object CMakeFiles/nlobj_parser_test.dir/tests/nlobj_parser_test.cpp.o
[ 52%] Built target model_test
[ 52%] Built target markov-cero-verify-mip
[ 53%] Building CXX object CMakeFiles/mps_parser_test.dir/tests/mps_parser_test.cpp.o
[ 53%] Built target ml_branching_test
[ 54%] Building CXX object CMakeFiles/mps_fuzz_smoke.dir/tests/fuzz/mps_fuzz_smoke.cpp.o
[ 55%] Building CXX object CMakeFiles/model_property_test.dir/tests/model_property_test.cpp.o
[ 56%] Built target nlp_rosenbrock_test
[ 56%] Built target nlp_sqp_test
[ 57%] Building CXX object CMakeFiles/dense_lu_test.dir/tests/dense_lu_test.cpp.o
[ 57%] Building CXX object CMakeFiles/primal_simplex_test.dir/tests/primal_simplex_test.cpp.o
[ 58%] Linking CXX executable nlobj_parser_test
[ 58%] Built target nlobj_parser_test
[ 59%] Building CXX object CMakeFiles/primal_simplex_property_test.dir/tests/primal_simplex_property_test.cpp.o
[ 59%] Linking CXX executable mps_fuzz_smoke
[ 59%] Built target mps_fuzz_smoke
[ 59%] Building CXX object CMakeFiles/dual_simplex_test.dir/tests/dual_simplex_test.cpp.o
[ 59%] Linking CXX executable nlp_constrained_test
[ 59%] Built target nlp_constrained_test
[ 59%] Building CXX object CMakeFiles/warm_start_property_test.dir/tests/warm_start_property_test.cpp.o
[ 59%] Linking CXX executable model_property_test
[ 59%] Built target model_property_test
[ 59%] Building CXX object CMakeFiles/sparse_basis_test.dir/tests/sparse_basis_test.cpp.o
[ 60%] Linking CXX executable primal_simplex_test
[ 60%] Built target primal_simplex_test
[ 61%] Building CXX object CMakeFiles/sparse_update_property_test.dir/tests/sparse_update_property_test.cpp.o
[ 61%] Linking CXX executable dense_lu_test
[ 61%] Built target dense_lu_test
[ 61%] Building CXX object CMakeFiles/regression_test.dir/tests/regression_test.cpp.o
[ 61%] Linking CXX executable mps_parser_test
[ 61%] Built target mps_parser_test
[ 62%] Building CXX object CMakeFiles/regression_backend_actually_used.dir/tests/regression_backend_actually_used.cpp.o
[ 62%] Linking CXX executable minlp_basic_test
[ 62%] Built target minlp_basic_test
[ 62%] Building CXX object CMakeFiles/regression_simplex_scale200_pricing.dir/tests/regression_simplex_scale200_pricing.cpp.o
[ 62%] Linking CXX executable primal_simplex_property_test
[ 62%] Built target primal_simplex_property_test
[ 62%] Building CXX object CMakeFiles/sparse_canonicalize_test.dir/tests/sparse_canonicalize_test.cpp.o
[ 63%] Linking CXX executable warm_start_property_test
[ 63%] Linking CXX executable sparse_update_property_test
[ 63%] Built target warm_start_property_test
[ 63%] Building CXX object CMakeFiles/presolve_test.dir/tests/presolve_test.cpp.o
[ 63%] Built target sparse_update_property_test
[ 63%] Building CXX object CMakeFiles/ruiz_scaling_test.dir/tests/ruiz_scaling_test.cpp.o
[ 64%] Linking CXX executable dual_simplex_test
[ 64%] Built target dual_simplex_test
[ 64%] Linking CXX executable regression_backend_actually_used
[ 65%] Building CXX object CMakeFiles/milp_test.dir/tests/milp_test.cpp.o
[ 65%] Built target regression_backend_actually_used
[ 65%] Building CXX object CMakeFiles/milp_heuristics_test.dir/tests/milp_heuristics_test.cpp.o
[ 65%] Linking CXX executable regression_test
[ 66%] Linking CXX executable sparse_basis_test
[ 66%] Built target regression_test
[ 66%] Built target sparse_basis_test
[ 66%] Building CXX object CMakeFiles/milp_cuts_test.dir/tests/milp_cuts_test.cpp.o
[ 66%] Building CXX object CMakeFiles/strong_branching_test.dir/tests/strong_branching_test.cpp.o
[ 66%] Linking CXX executable sparse_canonicalize_test
[ 66%] Built target sparse_canonicalize_test
[ 67%] Building CXX object CMakeFiles/strong_branching_test.dir/tests/strong_branching_test_test_strong_branching_and_domain_reduction.cpp.o
[ 68%] Linking CXX executable regression_simplex_scale200_pricing
[ 68%] Built target regression_simplex_scale200_pricing
[ 68%] Building CXX object CMakeFiles/pdlp_test.dir/tests/pdlp_test.cpp.o
[ 68%] Linking CXX executable milp_heuristics_test
[ 68%] Linking CXX executable presolve_test
[ 68%] Built target milp_heuristics_test
[ 68%] Built target presolve_test
[ 68%] Building CXX object CMakeFiles/milp_test.dir/tests/milp_test_test_node_selection_policies.cpp.o
[ 69%] Building CXX object CMakeFiles/ipm_test.dir/tests/ipm_test.cpp.o
[ 70%] Linking CXX executable ruiz_scaling_test
[ 70%] Built target ruiz_scaling_test
[ 70%] Building CXX object CMakeFiles/parallel_tree_search_test.dir/tests/parallel_tree_search_test.cpp.o
[ 71%] Building CXX object CMakeFiles/parallel_tree_search_test.dir/tests/parallel_tree_search_test_test_thread_safety_repeated_runs.cpp.o
[ 71%] Linking CXX executable strong_branching_test
[ 71%] Built target strong_branching_test
[ 71%] Building CXX object CMakeFiles/parallel_tree_search_test.dir/tests/parallel_tree_search_test_queue_capacity.cpp.o
[ 72%] Linking CXX executable milp_cuts_test
[ 72%] Built target milp_cuts_test
[ 73%] Building CXX object CMakeFiles/parallel_proof_events_test.dir/tests/parallel_proof_events_test.cpp.o
[ 74%] Building CXX object CMakeFiles/gpu_buffer_test.dir/gpu/tests/gpu_buffer_test.cpp.o
[ 75%] Linking CXX executable pdlp_test
[ 75%] Built target pdlp_test
[ 75%] Building CXX object CMakeFiles/equivalence_test.dir/gpu/tests/equivalence_test.cpp.o
[ 75%] Linking CXX executable milp_test
[ 75%] Building CXX object CMakeFiles/gpu_buffer_test.dir/gpu/tests/gpu_buffer_test_test_model_sparse_matrix_roundtrip.cpp.o
[ 75%] Built target milp_test
[ 75%] Building CXX object CMakeFiles/gpu_reduction_test.dir/gpu/tests/reduction_test.cpp.o
[ 75%] Linking CXX executable ipm_test
[ 75%] Built target ipm_test
[ 75%] Building CXX object CMakeFiles/equivalence_test.dir/gpu/tests/equivalence_test_test_project_bounds_equivalence.cpp.o
[ 75%] Building CXX object CMakeFiles/gpu_pdhg_step_test.dir/gpu/tests/pdhg_step_test.cpp.o
[ 75%] Linking CXX executable parallel_proof_events_test
[ 76%] Building CXX object CMakeFiles/gpu_pdhg_restart_test.dir/gpu/tests/pdhg_restart_test.cpp.o
[ 76%] Built target parallel_proof_events_test
[ 76%] Building CXX object CMakeFiles/gpu_pdhg_adaptive_test.dir/gpu/tests/pdhg_adaptive_test.cpp.o
[ 76%] Linking CXX executable gpu_buffer_test
[ 76%] Built target gpu_buffer_test
[ 76%] Building CXX object CMakeFiles/gpu_pdhg_kkt_test.dir/gpu/tests/pdhg_kkt_test.cpp.o
[ 76%] Building CXX object CMakeFiles/gpu_pdhg_timing_test.dir/gpu/tests/pdhg_timing_test.cpp.o
[ 76%] Linking CXX executable parallel_tree_search_test
[ 77%] Linking CXX executable gpu_reduction_test
[ 77%] Built target gpu_reduction_test
[ 77%] Built target parallel_tree_search_test
[ 77%] Building CXX object CMakeFiles/gpu_admm_test.dir/gpu/tests/admm_gpu_test.cpp.o
[ 78%] Building CXX object CMakeFiles/gpu_fallback_test.dir/tests/gpu_fallback_test.cpp.o
[ 79%] Linking CXX executable gpu_pdhg_adaptive_test
[ 80%] Linking CXX executable gpu_pdhg_step_test
[ 80%] Built target gpu_pdhg_adaptive_test
[ 81%] Building CXX object CMakeFiles/gpu_qp_test.dir/tests/gpu_qp_test.cpp.o
[ 81%] Built target gpu_pdhg_step_test
[ 82%] Building CXX object CMakeFiles/qp_test.dir/tests/qp_test.cpp.o
[ 82%] Linking CXX executable gpu_pdhg_kkt_test
[ 82%] Built target gpu_pdhg_kkt_test
[ 82%] Building CXX object CMakeFiles/qp_test.dir/tests/qp_scenarios_0.cpp.o
[ 83%] Linking CXX executable equivalence_test
[ 83%] Built target equivalence_test
[ 83%] Building CXX object CMakeFiles/qp_test.dir/tests/qp_scenarios_1.cpp.o
[ 83%] Linking CXX executable gpu_admm_test
[ 83%] Built target gpu_admm_test
[ 83%] Building CXX object CMakeFiles/api_demo.dir/examples/api_demo.cpp.o
[ 83%] Linking CXX executable gpu_fallback_test
[ 83%] Linking CXX executable gpu_pdhg_timing_test
[ 83%] Built target gpu_fallback_test
[ 83%] Linking CXX executable gpu_pdhg_restart_test
[ 84%] Building CXX object CMakeFiles/api_test.dir/tests/api_test.cpp.o
[ 84%] Built target gpu_pdhg_timing_test
[ 84%] Building CXX object CMakeFiles/refinery_test.dir/tests/refinery_test.cpp.o
[ 84%] Built target gpu_pdhg_restart_test
[ 84%] Building CXX object CMakeFiles/lp_parser_test.dir/tests/lp_parser_test.cpp.o
[ 84%] Building CXX object CMakeFiles/ipm_large_test.dir/tests/ipm_large_test.cpp.o
[ 84%] Linking CXX executable gpu_qp_test
[ 84%] Built target gpu_qp_test
[ 85%] Building CXX object CMakeFiles/pdlp_crossover_test.dir/tests/pdlp_crossover_test.cpp.o
[ 85%] Building CXX object CMakeFiles/qp_adaptive_rho_test.dir/tests/qp_adaptive_rho_test.cpp.o
[ 85%] Linking CXX executable ipm_large_test
[ 85%] Built target ipm_large_test
[ 85%] Building CXX object CMakeFiles/numerical_diagnostic_test.dir/tests/numerical_diagnostic_test.cpp.o
[ 86%] Linking CXX executable qp_test
[ 86%] Built target qp_test
[ 86%] Building CXX object CMakeFiles/e2e_tier1_m1_features.dir/tests/e2e/test_tier1_m1_features.cpp.o
[ 86%] Linking CXX executable api_demo
[ 86%] Built target api_demo
[ 86%] Building CXX object CMakeFiles/e2e_tier2_m1_boundaries.dir/tests/e2e/test_tier2_m1_boundaries.cpp.o
[ 87%] Linking CXX executable lp_parser_test
[ 87%] Linking CXX executable pdlp_crossover_test
[ 87%] Built target pdlp_crossover_test
[ 87%] Built target lp_parser_test
[ 88%] Building CXX object CMakeFiles/e2e_tier2_m1_boundaries.dir/tests/e2e/test_tier2_m1_boundaries_t2_f04_03_admmprimalinfeasibledetection.cpp.o
[ 89%] Building CXX object CMakeFiles/e2e_tier3_m1_combinations.dir/tests/e2e/test_tier3_m1_combinations.cpp.o
[ 89%] Linking CXX executable api_test
[ 89%] Built target api_test
[ 89%] Building CXX object CMakeFiles/e2e_tier1_m1_features.dir/tests/e2e/test_tier1_m1_features_t1_f03_01_pdlpprimalfeasibilityverification.cpp.o
[ 89%] Linking CXX executable qp_adaptive_rho_test
[ 89%] Built target qp_adaptive_rho_test
[ 89%] Building CXX object CMakeFiles/e2e_tier4_m1_scenarios.dir/tests/e2e/test_tier4_m1_scenarios.cpp.o
[ 89%] Linking CXX executable numerical_diagnostic_test
[ 89%] Built target numerical_diagnostic_test
[ 90%] Building CXX object CMakeFiles/e2e_tier1_m1_features.dir/tests/e2e/test_tier1_m1_features_t1_f06_03_sparsebasisstatisticstracking.cpp.o
[ 90%] Linking CXX executable refinery_test
[ 90%] Built target refinery_test
[ 90%] Building CXX object CMakeFiles/e2e_tier2_m1_boundaries.dir/tests/e2e/test_tier2_m1_boundaries_t2_f07_04_presolvedisableddiagnosticmatch.cpp.o
[ 90%] Building CXX object CMakeFiles/node_frontier_memory_benchmark.dir/scripts/bench_node_frontier_memory.cpp.o
[ 91%] Building CXX object CMakeFiles/solve_frontier_memory_benchmark.dir/scripts/bench_solve_frontier_memory.cpp.o
[ 91%] Building CXX object CMakeFiles/solve_context_test.dir/tests/solve_context_test.cpp.o
[ 91%] Building CXX object CMakeFiles/model_snapshot_test.dir/tests/model_snapshot_test.cpp.o
[ 92%] Linking CXX executable e2e_tier4_m1_scenarios
[ 92%] Built target e2e_tier4_m1_scenarios
[ 92%] Building CXX object CMakeFiles/node_view_test.dir/tests/node_view_test.cpp.o
[ 92%] Linking CXX executable e2e_tier3_m1_combinations
[ 92%] Built target e2e_tier3_m1_combinations
[ 92%] Building CXX object CMakeFiles/reference_materialisation_test.dir/tests/reference_materialisation_test.cpp.o
[ 92%] Linking CXX executable e2e_tier2_m1_boundaries
[ 92%] Built target e2e_tier2_m1_boundaries
[ 93%] Building CXX object CMakeFiles/node_view_reference_identity_test.dir/tests/node_view_reference_identity_test.cpp.o
[ 93%] Linking CXX executable solve_context_test
[ 93%] Built target solve_context_test
[ 93%] Building CXX object CMakeFiles/worker_context_test.dir/tests/worker_context_test.cpp.o
[ 93%] Linking CXX executable solve_frontier_memory_benchmark
[ 93%] Built target solve_frontier_memory_benchmark
[ 94%] Building CXX object CMakeFiles/resource_failure_test.dir/tests/resource_failure_test.cpp.o
[ 95%] Linking CXX executable model_snapshot_test
[ 95%] Linking CXX executable e2e_tier1_m1_features
[ 95%] Built target model_snapshot_test
[ 95%] Building CXX object CMakeFiles/readiness_correctness_test.dir/tests/readiness_correctness_test.cpp.o
[ 95%] Built target e2e_tier1_m1_features
[ 95%] Building CXX object CMakeFiles/mip_proof_test.dir/tests/mip_proof_test.cpp.o
[ 96%] Linking CXX executable node_view_test
[ 96%] Linking CXX executable node_frontier_memory_benchmark
[ 96%] Built target node_view_test
[ 97%] Building CXX object CMakeFiles/readiness_edge_cases_test.dir/tests/readiness_edge_cases_test.cpp.o
[ 97%] Built target node_frontier_memory_benchmark
[ 98%] Linking CXX executable worker_context_test
[ 98%] Built target worker_context_test
[ 98%] Linking CXX executable node_view_reference_identity_test
[ 98%] Built target node_view_reference_identity_test
[ 98%] Linking CXX executable readiness_correctness_test
[ 98%] Built target readiness_correctness_test
[ 99%] Linking CXX executable reference_materialisation_test
[ 99%] Built target reference_materialisation_test
[ 99%] Linking CXX executable readiness_edge_cases_test
[ 99%] Built target readiness_edge_cases_test
[100%] Linking CXX executable mip_proof_test
[100%] Built target mip_proof_test
[100%] Linking CXX executable resource_failure_test
[100%] Built target resource_failure_test
