[  0%] Building CXX object CMakeFiles/markov_cero_core.dir/src/api/finalize.cpp.o
[  1%] Building CXX object CMakeFiles/markov_cero_core.dir/src/api/minlp_certificate.cpp.o
[  1%] Building CXX object CMakeFiles/markov_cero_core.dir/src/api/assurance.cpp.o
[  2%] Building CXX object CMakeFiles/markov_cero_core.dir/src/verify/mip_proof_io.cpp.o
[  2%] Building CXX object CMakeFiles/markov_cero_core.dir/src/verify/mip_proof_relaxation.cpp.o
[  3%] Building CXX object CMakeFiles/markov_cero_core.dir/src/api/api.cpp.o
[  3%] Building CXX object CMakeFiles/markov_cero_core.dir/src/api/mip_certificate.cpp.o
[  3%] Building CXX object CMakeFiles/markov_cero_core.dir/src/verify/mip_proof.cpp.o
[  3%] Building CXX object CMakeFiles/markov_cero_core.dir/src/verify/mip_proof_builder.cpp.o
[  3%] Building CXX object CMakeFiles/markov_cero_core.dir/src/verify/oa_proof.cpp.o
[  3%] Building CXX object CMakeFiles/markov_cero_core.dir/src/verify/oa_proof_io.cpp.o
[  4%] Building CXX object CMakeFiles/markov_cero_core.dir/src/verify/oa_proof_builder.cpp.o
[  4%] Building CXX object CMakeFiles/markov_cero_core.dir/src/api/dispatch.cpp.o
[  4%] Building CXX object CMakeFiles/markov_cero_core.dir/src/api/engine_nonlinear.cpp.o
[  4%] Building CXX object CMakeFiles/markov_cero_core.dir/src/api/engine_parallel.cpp.o
[  5%] Building CXX object CMakeFiles/markov_cero_core.dir/src/api/engine_pdlp.cpp.o
[  5%] Building CXX object CMakeFiles/markov_cero_core.dir/src/api/engine_qp.cpp.o
[  5%] Building CXX object CMakeFiles/markov_cero_core.dir/src/api/engine_milp.cpp.o
[  6%] Building CXX object CMakeFiles/markov_cero_core.dir/src/api/engine_lp.cpp.o
[  6%] Building CXX object CMakeFiles/markov_cero_core.dir/src/foundation/build_info.cpp.o
[  6%] Building CXX object CMakeFiles/markov_cero_core.dir/src/model/model.cpp.o
[  6%] Building CXX object CMakeFiles/markov_cero_core.dir/src/model/classifier.cpp.o
[  7%] Building CXX object CMakeFiles/markov_cero_core.dir/src/model/model_snapshot.cpp.o
[  7%] Building CXX object CMakeFiles/markov_cero_core.dir/src/model/model_hash.cpp.o
[  7%] Building CXX object CMakeFiles/markov_cero_core.dir/src/io/mps.cpp.o
[  7%] Building CXX object CMakeFiles/markov_cero_core.dir/src/io/mps_records.cpp.o
[  8%] Building CXX object CMakeFiles/markov_cero_core.dir/src/io/mps_extensions.cpp.o
[  8%] Building CXX object CMakeFiles/markov_cero_core.dir/src/io/mps_model.cpp.o
[  8%] Building CXX object CMakeFiles/markov_cero_core.dir/src/io/lp_lexer.cpp.o
[  8%] Building CXX object CMakeFiles/markov_cero_core.dir/src/io/lp_objective.cpp.o
[  9%] Building CXX object CMakeFiles/markov_cero_core.dir/src/io/lp_constraints.cpp.o
[  9%] Building CXX object CMakeFiles/markov_cero_core.dir/src/io/lp_bounds.cpp.o
[  9%] Building CXX object CMakeFiles/markov_cero_core.dir/src/io/lp_model.cpp.o
[ 10%] Building CXX object CMakeFiles/markov_cero_core.dir/src/io/lp_parser.cpp.o
[ 10%] Building CXX object CMakeFiles/markov_cero_core.dir/src/io/nlobj_parser.cpp.o
[ 10%] Building CXX object CMakeFiles/markov_cero_core.dir/src/io/nlp_callbacks.cpp.o
[ 10%] Building CXX object CMakeFiles/markov_cero_core.dir/src/nlp/lbfgs.cpp.o
[ 11%] Building CXX object CMakeFiles/markov_cero_core.dir/src/nlp/nlp_callback_guard.cpp.o
[ 11%] Building CXX object CMakeFiles/markov_cero_core.dir/src/nlp/nlp_derivative_check.cpp.o
[ 11%] Building CXX object CMakeFiles/markov_cero_core.dir/src/nlp/nlp_model.cpp.o
[ 11%] Building CXX object CMakeFiles/markov_cero_core.dir/src/nlp/nlp_verifier.cpp.o
[ 12%] Building CXX object CMakeFiles/markov_cero_core.dir/src/nlp/sqp_solver_subproblem.cpp.o
[ 12%] Building CXX object CMakeFiles/markov_cero_core.dir/src/nlp/sqp_solver_linesearch.cpp.o
[ 12%] Building CXX object CMakeFiles/markov_cero_core.dir/src/nlp/sqp_solver_restoration.cpp.o
[ 13%] Building CXX object CMakeFiles/markov_cero_core.dir/src/nlp/sqp_solver.cpp.o
[ 13%] Building CXX object CMakeFiles/markov_cero_core.dir/src/minlp/minlp_solver.cpp.o
[ 13%] Building CXX object CMakeFiles/markov_cero_core.dir/src/minlp/minlp_solver_iterate_outer_approximation.cpp.o
[ 13%] Building CXX object CMakeFiles/markov_cero_core.dir/src/minlp/minlp_solver_solve_minlp.cpp.o
[ 14%] Building CXX object CMakeFiles/markov_cero_core.dir/src/minlp/minlp_oa_cut.cpp.o
[ 14%] Building CXX object CMakeFiles/markov_cero_core.dir/src/minlp/minlp_solver_oa_rows.cpp.o
[ 14%] Building CXX object CMakeFiles/markov_cero_core.dir/src/verify/primal_verifier.cpp.o
[ 14%] Building CXX object CMakeFiles/markov_cero_core.dir/src/verify/linear_certificate.cpp.o
[ 15%] Building CXX object CMakeFiles/markov_cero_core.dir/src/linalg/dense_lu.cpp.o
[ 15%] Building CXX object CMakeFiles/markov_cero_core.dir/src/linalg/sparse_basis_ordering.cpp.o
[ 15%] Building CXX object CMakeFiles/markov_cero_core.dir/src/linalg/sparse_basis_matrix.cpp.o
[ 16%] Building CXX object CMakeFiles/markov_cero_core.dir/src/linalg/sparse_basis_factor.cpp.o
[ 16%] Building CXX object CMakeFiles/markov_cero_core.dir/src/linalg/sparse_basis_solve.cpp.o
[ 16%] Building CXX object CMakeFiles/markov_cero_core.dir/src/linalg/sparse_basis.cpp.o
[ 16%] Building CXX object CMakeFiles/markov_cero_core.dir/src/transform/canonicalize.cpp.o
[ 17%] Building CXX object CMakeFiles/markov_cero_core.dir/src/transform/sparse_canonicalize_model.cpp.o
[ 17%] Building CXX object CMakeFiles/markov_cero_core.dir/src/transform/sparse_canonicalize.cpp.o
[ 17%] Building CXX object CMakeFiles/markov_cero_core.dir/src/presolve/presolve.cpp.o
[ 17%] Building CXX object CMakeFiles/markov_cero_core.dir/src/presolve/eliminate_singletons.cpp.o
[ 18%] Building CXX object CMakeFiles/markov_cero_core.dir/src/presolve/eliminate_duplicates.cpp.o
[ 18%] Building CXX object CMakeFiles/markov_cero_core.dir/src/presolve/compact.cpp.o
[ 18%] Building CXX object CMakeFiles/markov_cero_core.dir/src/presolve/postsolve.cpp.o
[ 19%] Building CXX object CMakeFiles/markov_cero_core.dir/src/scale/ruiz_scaling.cpp.o
[ 19%] Building CXX object CMakeFiles/markov_cero_core.dir/src/lp/reference/revised_simplex_pricing.cpp.o
[ 19%] Building CXX object CMakeFiles/markov_cero_core.dir/src/lp/reference/revised_simplex_iteration.cpp.o
[ 19%] Building CXX object CMakeFiles/markov_cero_core.dir/src/lp/reference/revised_simplex_workspace.cpp.o
[ 20%] Building CXX object CMakeFiles/markov_cero_core.dir/src/lp/reference/revised_simplex.cpp.o
[ 20%] Building CXX object CMakeFiles/markov_cero_core.dir/src/verify/reference_lp_verifier.cpp.o
[ 20%] Building CXX object CMakeFiles/markov_cero_core.dir/src/verify/sparse_lp_verifier.cpp.o
[ 20%] Building CXX object CMakeFiles/markov_cero_core.dir/src/lp/dual/dual_simplex.cpp.o
[ 21%] Building CXX object CMakeFiles/markov_cero_core.dir/src/lp/dual/dual_simplex_select_entering_column.cpp.o
[ 21%] Building CXX object CMakeFiles/markov_cero_core.dir/src/lp/dual/dual_simplex_solve.cpp.o
[ 21%] Building CXX object CMakeFiles/markov_cero_core.dir/src/lp/interior/ipm.cpp.o
[ 22%] Building CXX object CMakeFiles/markov_cero_core.dir/src/lp/interior/ipm_crossover_basis_sparse.cpp.o
[ 22%] Building CXX object CMakeFiles/markov_cero_core.dir/src/lp/interior/ipm_solve.cpp.o
[ 22%] Building CXX object CMakeFiles/markov_cero_core.dir/src/lp/interior/ipm_solve_overload.cpp.o
[ 22%] Building CXX object CMakeFiles/markov_cero_core.dir/src/lp/first_order/pdlp.cpp.o
[ 23%] Building CXX object CMakeFiles/markov_cero_core.dir/src/lp/first_order/pdlp_degenerate.cpp.o
[ 23%] Building CXX object CMakeFiles/markov_cero_core.dir/src/lp/first_order/pdlp_try_dual_simplex_crossover.cpp.o
[ 23%] Building CXX object CMakeFiles/markov_cero_core.dir/src/lp/first_order/pdlp_iterate_pdlp.cpp.o
[ 23%] Building CXX object CMakeFiles/markov_cero_core.dir/src/lp/first_order/pdlp_solve_pdlp.cpp.o
[ 24%] Building CXX object CMakeFiles/markov_cero_core.dir/src/milp/branch_selector.cpp.o
[ 24%] Building CXX object CMakeFiles/markov_cero_core.dir/src/milp/branch_selector_features.cpp.o
[ 24%] Building CXX object CMakeFiles/markov_cero_core.dir/src/milp/branch_partition.cpp.o
[ 25%] Building CXX object CMakeFiles/markov_cero_core.dir/src/milp/cut_pool.cpp.o
[ 25%] Building CXX object CMakeFiles/markov_cero_core.dir/src/milp/gomory.cpp.o
[ 25%] Building CXX object CMakeFiles/markov_cero_core.dir/src/milp/heuristics.cpp.o
[ 25%] Building CXX object CMakeFiles/markov_cero_core.dir/src/milp/heuristics_pump.cpp.o
[ 26%] Building CXX object CMakeFiles/markov_cero_core.dir/src/milp/heuristics_repair.cpp.o
[ 26%] Building CXX object CMakeFiles/markov_cero_core.dir/src/milp/milp_solver.cpp.o
[ 26%] Building CXX object CMakeFiles/markov_cero_core.dir/src/milp/search_initialize.cpp.o
[ 26%] Building CXX object CMakeFiles/markov_cero_core.dir/src/milp/search_root_relaxation.cpp.o
[ 27%] Building CXX object CMakeFiles/markov_cero_core.dir/src/milp/search_root_branching.cpp.o
[ 27%] Building CXX object CMakeFiles/markov_cero_core.dir/src/milp/search_node_relaxation.cpp.o
[ 27%] Building CXX object CMakeFiles/markov_cero_core.dir/src/milp/search_separate_cuts.cpp.o
[ 28%] Building CXX object CMakeFiles/markov_cero_core.dir/src/milp/search_branch.cpp.o
[ 28%] Building CXX object CMakeFiles/markov_cero_core.dir/src/milp/search_finish.cpp.o
[ 28%] Building CXX object CMakeFiles/markov_cero_core.dir/src/milp/node_lp.cpp.o
[ 28%] Building CXX object CMakeFiles/markov_cero_core.dir/src/milp/node_qp.cpp.o
[ 29%] Building CXX object CMakeFiles/markov_cero_core.dir/src/milp/node_view.cpp.o
[ 29%] Building CXX object CMakeFiles/markov_cero_core.dir/src/milp/reference_materialisation.cpp.o
[ 29%] Building CXX object CMakeFiles/markov_cero_core.dir/src/milp/mir.cpp.o
[ 29%] Building CXX object CMakeFiles/markov_cero_core.dir/src/milp/cover.cpp.o
[ 30%] Building CXX object CMakeFiles/markov_cero_core.dir/src/milp/parallel_tree_search.cpp.o
[ 30%] Building CXX object CMakeFiles/markov_cero_core.dir/src/milp/parallel_tree_search_solve_integer_parallel.cpp.o
[ 30%] Building CXX object CMakeFiles/markov_cero_core.dir/src/milp/parallel_tree_search_result.cpp.o
[ 31%] Building CXX object CMakeFiles/markov_cero_core.dir/src/milp/parallel_tree_search_root_cuts.cpp.o
[ 31%] Building CXX object CMakeFiles/markov_cero_core.dir/src/milp/parallel_tree_search_solve_parallel.cpp.o
[ 31%] Building CXX object CMakeFiles/markov_cero_core.dir/src/milp/shared_incumbent.cpp.o
[ 31%] Building CXX object CMakeFiles/markov_cero_core.dir/src/milp/strong_branching.cpp.o
[ 32%] Building CXX object CMakeFiles/markov_cero_core.dir/src/milp/work_queue.cpp.o
[ 32%] Building CXX object CMakeFiles/markov_cero_core.dir/src/qp/model_matrix.cpp.o
[ 32%] Building CXX object CMakeFiles/markov_cero_core.dir/src/qp/model_convexity.cpp.o
[ 32%] Building CXX object CMakeFiles/markov_cero_core.dir/src/qp/model.cpp.o
[ 33%] Building CXX object CMakeFiles/markov_cero_core.dir/src/qp/kkt_factor.cpp.o
[ 33%] Building CXX object CMakeFiles/markov_cero_core.dir/src/qp/kkt_assembly.cpp.o
[ 33%] Building CXX object CMakeFiles/markov_cero_core.dir/src/qp/kkt.cpp.o
[ 33%] Building CXX object CMakeFiles/markov_cero_core.dir/src/qp/admm_solver.cpp.o
[ 34%] Building CXX object CMakeFiles/markov_cero_core.dir/src/qp/admm_solver_solve.cpp.o
[ 34%] Building CXX object CMakeFiles/markov_cero_core.dir/src/qp/equilibrate.cpp.o
[ 34%] Building CXX object CMakeFiles/markov_cero_core.dir/src/qp/supporting_bound.cpp.o
[ 35%] Building CXX object CMakeFiles/markov_cero_core.dir/src/qp/verifier.cpp.o
[ 35%] Building CXX object CMakeFiles/markov_cero_core.dir/src/qp/certificates.cpp.o
[ 35%] Building CXX object CMakeFiles/markov_cero_core.dir/src/refinery/synthetic_config.cpp.o
[ 35%] Building CXX object CMakeFiles/markov_cero_core.dir/src/refinery/refinery_model.cpp.o
[ 36%] Building CXX object CMakeFiles/markov_cero_core.dir/src/refinery/pooling_slp.cpp.o
[ 36%] Building CXX object CMakeFiles/markov_cero_core.dir/src/analysis/iis_analyzer.cpp.o
[ 36%] Building CXX object CMakeFiles/markov_cero_core.dir/gpu/src/buffer.cpp.o
[ 36%] Building CXX object CMakeFiles/markov_cero_core.dir/gpu/src/csr.cpp.o
[ 37%] Building CXX object CMakeFiles/markov_cero_core.dir/gpu/src/device.cpp.o
[ 37%] Building CXX object CMakeFiles/markov_cero_core.dir/gpu/src/admm_matvec.cpp.o
[ 37%] Building CXX object CMakeFiles/markov_cero_core.dir/gpu/src/pdhg_step.cpp.o
[ 38%] Building CXX object CMakeFiles/markov_cero_core.dir/gpu/src/pdhg_iteration.cpp.o
[ 38%] Building CXX object CMakeFiles/markov_cero_core.dir/gpu/src/pdhg_residuals.cpp.o
[ 38%] Building CXX object CMakeFiles/markov_cero_core.dir/gpu/src/pdhg_solver.cpp.o
[ 38%] Building CXX object CMakeFiles/markov_cero_core.dir/gpu/src/reduce.cpp.o
[ 39%] Building CXX object CMakeFiles/markov_cero_core.dir/gpu/src/spmv.cpp.o
[ 39%] Building CXX object CMakeFiles/markov_cero_core.dir/gpu/src/vector_ops.cpp.o
[ 39%] Linking CXX static library libmarkov_cero_core.a
[ 39%] Built target markov_cero_core
[ 40%] Building CXX object CMakeFiles/markov-cero-verify-minlp.dir/apps/markov_cero_verify_minlp.cpp.o
[ 41%] Building CXX object CMakeFiles/markov-cero-solve.dir/apps/markov_cero_solve.cpp.o
[ 41%] Building CXX object CMakeFiles/build_info_test.dir/tests/build_info_test.cpp.o
[ 41%] Building CXX object CMakeFiles/markov-cero-mps-inspect.dir/apps/markov_cero_mps_inspect.cpp.o
[ 41%] Building CXX object CMakeFiles/markov-cero-iis.dir/apps/markov_cero_iis.cpp.o
[ 41%] Building CXX object CMakeFiles/model_test.dir/tests/model_test.cpp.o
[ 41%] Building CXX object CMakeFiles/markov-cero-verify-mip.dir/apps/markov_cero_verify_mip.cpp.o
[ 42%] Building CXX object CMakeFiles/markov-cero-info.dir/apps/markov_cero_info.cpp.o
[ 43%] Linking CXX executable build_info_test
[ 43%] Built target build_info_test
[ 43%] Building CXX object CMakeFiles/classifier_test.dir/tests/classifier_test.cpp.o
[ 43%] Linking CXX executable markov-cero-info
[ 43%] Built target markov-cero-info
[ 44%] Building CXX object CMakeFiles/ml_branching_test.dir/tests/ml_branching_test.cpp.o
[ 44%] Linking CXX executable markov-cero-mps-inspect
[ 44%] Built target markov-cero-mps-inspect
[ 44%] Building CXX object CMakeFiles/markov-cero-solve.dir/apps/cli_options.cpp.o
[ 44%] Linking CXX executable markov-cero-iis
[ 44%] Linking CXX executable markov-cero-verify-minlp
[ 44%] Linking CXX executable markov-cero-verify-mip
[ 45%] Linking CXX executable model_test
[ 45%] Linking CXX executable classifier_test
[ 45%] Built target model_test
[ 46%] Building CXX object CMakeFiles/nlp_sqp_test.dir/tests/nlp_sqp_test.cpp.o
[ 46%] Built target classifier_test
[ 46%] Building CXX object CMakeFiles/nlp_rosenbrock_test.dir/tests/nlp_rosenbrock_test.cpp.o
[ 46%] Built target markov-cero-verify-minlp
[ 46%] Built target markov-cero-verify-mip
[ 46%] Building CXX object CMakeFiles/nlp_constrained_test.dir/tests/nlp_constrained_test.cpp.o
[ 46%] Building CXX object CMakeFiles/nlp_local_semantics_test.dir/tests/nlp_local_semantics_test.cpp.o
[ 46%] Built target markov-cero-iis
[ 47%] Building CXX object CMakeFiles/nlp_derivative_check_test.dir/tests/nlp_derivative_check_test.cpp.o
[ 47%] Linking CXX executable ml_branching_test
[ 47%] Built target ml_branching_test
[ 48%] Building CXX object CMakeFiles/nlp_callback_guard_test.dir/tests/nlp_callback_guard_test.cpp.o
[ 49%] Building CXX object CMakeFiles/nlp_restoration_test.dir/tests/nlp_restoration_test.cpp.o
[ 49%] Linking CXX executable nlp_rosenbrock_test
[ 49%] Built target nlp_rosenbrock_test
[ 49%] Building CXX object CMakeFiles/minlp_basic_test.dir/tests/minlp_basic_test.cpp.o
[ 49%] Linking CXX executable nlp_sqp_test
[ 49%] Built target nlp_sqp_test
[ 50%] Building CXX object CMakeFiles/minlp01_oa_test.dir/tests/minlp01_oa_test.cpp.o
[ 50%] Linking CXX executable nlp_constrained_test
[ 50%] Linking CXX executable nlp_derivative_check_test
[ 50%] Built target nlp_derivative_check_test
[ 51%] Building CXX object CMakeFiles/minlp01_cut_replay_test.dir/tests/minlp01_cut_replay_test.cpp.o
[ 51%] Built target nlp_constrained_test
[ 51%] Building CXX object CMakeFiles/minlp02_proof_test.dir/tests/minlp02_proof_test.cpp.o
[ 51%] Linking CXX executable markov-cero-solve
[ 51%] Linking CXX executable nlp_local_semantics_test
[ 51%] Linking CXX executable nlp_restoration_test
[ 51%] Built target nlp_restoration_test
[ 51%] Built target nlp_local_semantics_test
[ 52%] Building CXX object CMakeFiles/minlp02_proof_attack_test.dir/tests/minlp02_proof_attack_test.cpp.o
[ 52%] Building CXX object CMakeFiles/minlp02_enumeration_test.dir/tests/minlp02_enumeration_test.cpp.o
[ 52%] Built target markov-cero-solve
[ 52%] Building CXX object CMakeFiles/nlobj_parser_test.dir/tests/nlobj_parser_test.cpp.o
[ 52%] Linking CXX executable nlp_callback_guard_test
[ 52%] Linking CXX executable nlobj_parser_test
[ 52%] Built target nlp_callback_guard_test
[ 52%] Built target nlobj_parser_test
[ 52%] Building CXX object CMakeFiles/mps_parser_test.dir/tests/mps_parser_test.cpp.o
[ 52%] Building CXX object CMakeFiles/mps_fuzz_smoke.dir/tests/fuzz/mps_fuzz_smoke.cpp.o
[ 52%] Linking CXX executable minlp01_oa_test
[ 52%] Linking CXX executable minlp02_enumeration_test
[ 52%] Linking CXX executable minlp01_cut_replay_test
[ 53%] Linking CXX executable minlp_basic_test
[ 53%] Linking CXX executable minlp02_proof_test
[ 53%] Built target minlp01_oa_test
[ 53%] Building CXX object CMakeFiles/model_property_test.dir/tests/model_property_test.cpp.o
[ 53%] Linking CXX executable mps_fuzz_smoke
[ 53%] Built target minlp01_cut_replay_test
[ 53%] Built target mps_fuzz_smoke
[ 53%] Building CXX object CMakeFiles/dense_lu_test.dir/tests/dense_lu_test.cpp.o
[ 53%] Building CXX object CMakeFiles/primal_simplex_test.dir/tests/primal_simplex_test.cpp.o
[ 53%] Built target minlp02_enumeration_test
[ 53%] Building CXX object CMakeFiles/primal_simplex_property_test.dir/tests/primal_simplex_property_test.cpp.o
[ 53%] Built target minlp02_proof_test
[ 53%] Building CXX object CMakeFiles/dual_simplex_test.dir/tests/dual_simplex_test.cpp.o
[ 53%] Built target minlp_basic_test
[ 54%] Building CXX object CMakeFiles/warm_start_property_test.dir/tests/warm_start_property_test.cpp.o
[ 55%] Linking CXX executable mps_parser_test
[ 55%] Linking CXX executable minlp02_proof_attack_test
[ 55%] Built target mps_parser_test
[ 55%] Building CXX object CMakeFiles/sparse_basis_test.dir/tests/sparse_basis_test.cpp.o
[ 56%] Linking CXX executable model_property_test
[ 56%] Built target model_property_test
[ 56%] Building CXX object CMakeFiles/sparse_fill_limit_test.dir/tests/sparse_fill_limit_test.cpp.o
[ 56%] Linking CXX executable primal_simplex_test
[ 56%] Built target minlp02_proof_attack_test
[ 57%] Building CXX object CMakeFiles/sparse_lu_deadline_test.dir/tests/sparse_lu_deadline_test.cpp.o
[ 57%] Linking CXX executable sparse_fill_limit_test
[ 58%] Linking CXX executable primal_simplex_property_test
[ 58%] Built target primal_simplex_test
[ 58%] Built target sparse_fill_limit_test
[ 58%] Building CXX object CMakeFiles/sparse_update_property_test.dir/tests/sparse_update_property_test.cpp.o
[ 58%] Building CXX object CMakeFiles/regression_test.dir/tests/regression_test.cpp.o
[ 58%] Built target primal_simplex_property_test
[ 58%] Building CXX object CMakeFiles/regression_backend_actually_used.dir/tests/regression_backend_actually_used.cpp.o
[ 59%] Linking CXX executable dense_lu_test
[ 59%] Built target dense_lu_test
[ 59%] Building CXX object CMakeFiles/regression_simplex_scale200_pricing.dir/tests/regression_simplex_scale200_pricing.cpp.o
[ 59%] Linking CXX executable warm_start_property_test
[ 59%] Built target warm_start_property_test
[ 60%] Building CXX object CMakeFiles/sparse_canonicalize_test.dir/tests/sparse_canonicalize_test.cpp.o
[ 60%] Linking CXX executable dual_simplex_test
[ 60%] Linking CXX executable sparse_lu_deadline_test
[ 60%] Built target dual_simplex_test
[ 61%] Building CXX object CMakeFiles/presolve_test.dir/tests/presolve_test.cpp.o
[ 61%] Built target sparse_lu_deadline_test
[ 61%] Building CXX object CMakeFiles/ruiz_scaling_test.dir/tests/ruiz_scaling_test.cpp.o
[ 61%] Linking CXX executable sparse_basis_test
[ 62%] Linking CXX executable regression_backend_actually_used
[ 62%] Built target sparse_basis_test
[ 63%] Building CXX object CMakeFiles/milp_test.dir/tests/milp_test.cpp.o
[ 64%] Linking CXX executable regression_test
[ 64%] Built target regression_backend_actually_used
[ 64%] Building CXX object CMakeFiles/milp_heuristics_test.dir/tests/milp_heuristics_test.cpp.o
[ 64%] Built target regression_test
[ 64%] Building CXX object CMakeFiles/milp_test.dir/tests/milp_test_test_node_selection_policies.cpp.o
[ 65%] Linking CXX executable sparse_update_property_test
[ 65%] Built target sparse_update_property_test
[ 65%] Building CXX object CMakeFiles/milp_cuts_test.dir/tests/milp_cuts_test.cpp.o
[ 65%] Linking CXX executable regression_simplex_scale200_pricing
[ 65%] Linking CXX executable sparse_canonicalize_test
[ 65%] Built target sparse_canonicalize_test
[ 66%] Building CXX object CMakeFiles/milp_cut_validity_test.dir/tests/milp_cut_validity_test.cpp.o
[ 66%] Built target regression_simplex_scale200_pricing
[ 66%] Building CXX object CMakeFiles/mip_adversarial_test.dir/tests/mip_adversarial_test.cpp.o
[ 66%] Linking CXX executable presolve_test
[ 67%] Linking CXX executable ruiz_scaling_test
[ 67%] Linking CXX executable milp_heuristics_test
[ 67%] Built target presolve_test
[ 67%] Building CXX object CMakeFiles/milp_bruteforce_test.dir/tests/milp_bruteforce_test.cpp.o
[ 67%] Built target ruiz_scaling_test
[ 68%] Building CXX object CMakeFiles/milp_edge_cases_test.dir/tests/milp_edge_cases_test.cpp.o
[ 68%] Built target milp_heuristics_test
[ 68%] Building CXX object CMakeFiles/milp_branch_partition_test.dir/tests/milp_branch_partition_test.cpp.o
[ 68%] Building CXX object CMakeFiles/strong_branching_test.dir/tests/strong_branching_test.cpp.o
[ 68%] Linking CXX executable milp_test
[ 68%] Linking CXX executable milp_cut_validity_test
[ 68%] Built target milp_cut_validity_test
[ 69%] Building CXX object CMakeFiles/strong_branching_test.dir/tests/strong_branching_test_test_strong_branching_and_domain_reduction.cpp.o
[ 69%] Linking CXX executable mip_adversarial_test
[ 69%] Built target milp_test
[ 69%] Linking CXX executable milp_cuts_test
[ 69%] Building CXX object CMakeFiles/pdlp_test.dir/tests/pdlp_test.cpp.o
[ 69%] Linking CXX executable milp_bruteforce_test
[ 69%] Built target milp_cuts_test
[ 69%] Building CXX object CMakeFiles/ipm_test.dir/tests/ipm_test.cpp.o
[ 70%] Linking CXX executable milp_branch_partition_test
[ 70%] Built target mip_adversarial_test
[ 71%] Building CXX object CMakeFiles/lp_sparse_differential_test.dir/tests/lp_sparse_differential_test.cpp.o
[ 71%] Built target milp_bruteforce_test
[ 72%] Building CXX object CMakeFiles/parallel_tree_search_test.dir/tests/parallel_tree_search_test.cpp.o
[ 72%] Built target milp_branch_partition_test
[ 72%] Building CXX object CMakeFiles/parallel_proof_events_test.dir/tests/parallel_proof_events_test.cpp.o
[ 72%] Building CXX object CMakeFiles/parallel_tree_search_test.dir/tests/parallel_tree_search_test_test_thread_safety_repeated_runs.cpp.o
[ 72%] Linking CXX executable milp_edge_cases_test
[ 72%] Linking CXX executable strong_branching_test
[ 72%] Linking CXX executable pdlp_test
[ 72%] Built target strong_branching_test
[ 72%] Building CXX object CMakeFiles/parallel_tree_search_test.dir/tests/parallel_tree_search_test_queue_capacity.cpp.o
[ 72%] Built target pdlp_test
[ 72%] Building CXX object CMakeFiles/gpu_buffer_test.dir/gpu/tests/gpu_buffer_test.cpp.o
[ 72%] Built target milp_edge_cases_test
[ 72%] Building CXX object CMakeFiles/equivalence_test.dir/gpu/tests/equivalence_test.cpp.o
[ 72%] Linking CXX executable lp_sparse_differential_test
[ 72%] Linking CXX executable ipm_test
[ 72%] Built target lp_sparse_differential_test
[ 72%] Building CXX object CMakeFiles/gpu_buffer_test.dir/gpu/tests/gpu_buffer_test_test_model_sparse_matrix_roundtrip.cpp.o
[ 72%] Built target ipm_test
[ 72%] Building CXX object CMakeFiles/gpu_reduction_test.dir/gpu/tests/reduction_test.cpp.o
[ 72%] Linking CXX executable parallel_proof_events_test
[ 72%] Building CXX object CMakeFiles/equivalence_test.dir/gpu/tests/equivalence_test_test_project_bounds_equivalence.cpp.o
[ 72%] Building CXX object CMakeFiles/gpu_pdhg_step_test.dir/gpu/tests/pdhg_step_test.cpp.o
[ 73%] Building CXX object CMakeFiles/gpu_pdhg_restart_test.dir/gpu/tests/pdhg_restart_test.cpp.o
[ 73%] Linking CXX executable parallel_tree_search_test
[ 74%] Building CXX object CMakeFiles/gpu_pdhg_adaptive_test.dir/gpu/tests/pdhg_adaptive_test.cpp.o
[ 74%] Built target parallel_proof_events_test
[ 74%] Building CXX object CMakeFiles/gpu_pdhg_kkt_test.dir/gpu/tests/pdhg_kkt_test.cpp.o
[ 74%] Built target parallel_tree_search_test
[ 75%] Building CXX object CMakeFiles/gpu_pdhg_timing_test.dir/gpu/tests/pdhg_timing_test.cpp.o
[ 76%] Linking CXX executable gpu_buffer_test
[ 76%] Built target gpu_buffer_test
[ 77%] Building CXX object CMakeFiles/gpu_admm_test.dir/gpu/tests/admm_gpu_test.cpp.o
[ 77%] Linking CXX executable gpu_reduction_test
[ 77%] Built target gpu_reduction_test
[ 77%] Building CXX object CMakeFiles/gpu_fallback_test.dir/tests/gpu_fallback_test.cpp.o
[ 77%] Linking CXX executable equivalence_test
[ 77%] Built target equivalence_test
[ 77%] Building CXX object CMakeFiles/gpu_qp_test.dir/tests/gpu_qp_test.cpp.o
[ 77%] Linking CXX executable gpu_pdhg_restart_test
[ 77%] Linking CXX executable gpu_pdhg_step_test
[ 77%] Linking CXX executable gpu_admm_test
[ 77%] Linking CXX executable gpu_pdhg_adaptive_test
[ 77%] Built target gpu_admm_test
[ 77%] Building CXX object CMakeFiles/qp_test.dir/tests/qp_test.cpp.o
[ 77%] Built target gpu_pdhg_step_test
[ 77%] Built target gpu_pdhg_restart_test
[ 77%] Building CXX object CMakeFiles/qp_test.dir/tests/qp_scenarios_0.cpp.o
[ 77%] Building CXX object CMakeFiles/api_demo.dir/examples/api_demo.cpp.o
[ 77%] Linking CXX executable gpu_pdhg_kkt_test
[ 77%] Linking CXX executable gpu_pdhg_timing_test
[ 77%] Built target gpu_pdhg_adaptive_test
[ 78%] Building CXX object CMakeFiles/qp_test.dir/tests/qp_scenarios_1.cpp.o
[ 78%] Built target gpu_pdhg_timing_test
[ 78%] Building CXX object CMakeFiles/api_test.dir/tests/api_test.cpp.o
[ 78%] Built target gpu_pdhg_kkt_test
[ 79%] Building CXX object CMakeFiles/refinery_test.dir/tests/refinery_test.cpp.o
[ 79%] Linking CXX executable gpu_fallback_test
[ 80%] Linking CXX executable gpu_qp_test
[ 80%] Building CXX object CMakeFiles/lp_parser_test.dir/tests/lp_parser_test.cpp.o
[ 80%] Built target gpu_fallback_test
[ 80%] Building CXX object CMakeFiles/ipm_large_test.dir/tests/ipm_large_test.cpp.o
[ 81%] Building CXX object CMakeFiles/pdlp_crossover_test.dir/tests/pdlp_crossover_test.cpp.o
[ 81%] Linking CXX executable api_demo
[ 81%] Built target gpu_qp_test
[ 81%] Building CXX object CMakeFiles/qp_adaptive_rho_test.dir/tests/qp_adaptive_rho_test.cpp.o
[ 81%] Linking CXX executable qp_test
[ 81%] Built target api_demo
[ 81%] Building CXX object CMakeFiles/qp_kkt_attack_test.dir/tests/qp_kkt_attack_test.cpp.o
[ 81%] Built target qp_test
[ 81%] Building CXX object CMakeFiles/miqp_supporting_bound_test.dir/tests/miqp_supporting_bound_test.cpp.o
[ 82%] Linking CXX executable ipm_large_test
[ 83%] Linking CXX executable api_test
[ 83%] Linking CXX executable pdlp_crossover_test
[ 84%] Linking CXX executable lp_parser_test
[ 85%] Linking CXX executable qp_adaptive_rho_test
[ 85%] Built target ipm_large_test
[ 85%] Building CXX object CMakeFiles/miqp_node_bound_test.dir/tests/miqp_node_bound_test.cpp.o
[ 85%] Built target api_test
[ 86%] Building CXX object CMakeFiles/miqp_incumbent_test.dir/tests/miqp_incumbent_test.cpp.o
[ 86%] Built target pdlp_crossover_test
[ 87%] Building CXX object CMakeFiles/miqp_proof_attack_test.dir/tests/miqp_proof_attack_test.cpp.o
[ 87%] Built target lp_parser_test
[ 87%] Building CXX object CMakeFiles/miqp_bruteforce_test.dir/tests/miqp_bruteforce_test.cpp.o
[ 87%] Built target qp_adaptive_rho_test
[ 87%] Building CXX object CMakeFiles/numerical_diagnostic_test.dir/tests/numerical_diagnostic_test.cpp.o
[ 87%] Linking CXX executable refinery_test
[ 87%] Linking CXX executable miqp_supporting_bound_test
[ 87%] Built target miqp_supporting_bound_test
[ 88%] Building CXX object CMakeFiles/e2e_tier1_m1_features.dir/tests/e2e/test_tier1_m1_features.cpp.o
[ 88%] Linking CXX executable qp_kkt_attack_test
[ 88%] Linking CXX executable miqp_proof_attack_test
[ 88%] Built target refinery_test
[ 88%] Building CXX object CMakeFiles/e2e_tier1_m1_features.dir/tests/e2e/test_tier1_m1_features_t1_f03_01_pdlpprimalfeasibilityverification.cpp.o
[ 88%] Built target miqp_proof_attack_test
[ 89%] Building CXX object CMakeFiles/e2e_tier2_m1_boundaries.dir/tests/e2e/test_tier2_m1_boundaries.cpp.o
[ 89%] Built target qp_kkt_attack_test
[ 89%] Building CXX object CMakeFiles/e2e_tier1_m1_features.dir/tests/e2e/test_tier1_m1_features_t1_f06_03_sparsebasisstatisticstracking.cpp.o
[ 89%] Linking CXX executable numerical_diagnostic_test
[ 89%] Linking CXX executable miqp_node_bound_test
[ 89%] Linking CXX executable miqp_incumbent_test
[ 89%] Linking CXX executable miqp_bruteforce_test
[ 89%] Built target numerical_diagnostic_test
[ 90%] Building CXX object CMakeFiles/e2e_tier3_m1_combinations.dir/tests/e2e/test_tier3_m1_combinations.cpp.o
[ 90%] Built target miqp_node_bound_test
[ 90%] Building CXX object CMakeFiles/e2e_tier2_m1_boundaries.dir/tests/e2e/test_tier2_m1_boundaries_t2_f04_03_admmprimalinfeasibledetection.cpp.o
[ 90%] Built target miqp_bruteforce_test
[ 90%] Building CXX object CMakeFiles/e2e_tier4_m1_scenarios.dir/tests/e2e/test_tier4_m1_scenarios.cpp.o
[ 90%] Built target miqp_incumbent_test
[ 90%] Building CXX object CMakeFiles/node_frontier_memory_benchmark.dir/scripts/bench_node_frontier_memory.cpp.o
[ 90%] Building CXX object CMakeFiles/e2e_tier2_m1_boundaries.dir/tests/e2e/test_tier2_m1_boundaries_t2_f07_04_presolvedisableddiagnosticmatch.cpp.o
[ 91%] Building CXX object CMakeFiles/solve_frontier_memory_benchmark.dir/scripts/bench_solve_frontier_memory.cpp.o
[ 91%] Linking CXX executable e2e_tier1_m1_features
[ 91%] Building CXX object CMakeFiles/verifier_overhead_benchmark.dir/scripts/bench_verifier_overhead.cpp.o
[ 92%] Linking CXX executable e2e_tier4_m1_scenarios
[ 93%] Linking CXX executable node_frontier_memory_benchmark
[ 93%] Linking CXX executable e2e_tier3_m1_combinations
[ 93%] Built target node_frontier_memory_benchmark
[ 93%] Linking CXX executable solve_frontier_memory_benchmark
[ 93%] Built target e2e_tier1_m1_features
[ 93%] Building CXX object CMakeFiles/lp_rss_benchmark.dir/scripts/bench_lp_rss.cpp.o
[ 93%] Building CXX object CMakeFiles/qp_kkt_benchmark.dir/scripts/bench_qp_kkt.cpp.o
[ 93%] Building CXX object CMakeFiles/minlp01_oa_benchmark.dir/scripts/bench_minlp01_oa.cpp.o
[ 93%] Linking CXX executable e2e_tier2_m1_boundaries
[ 93%] Built target solve_frontier_memory_benchmark
[ 93%] Building CXX object CMakeFiles/minlp02_proof_benchmark.dir/scripts/bench_minlp02_proof.cpp.o
[ 93%] Linking CXX executable verifier_overhead_benchmark
[ 93%] Built target e2e_tier4_m1_scenarios
[ 93%] Building CXX object CMakeFiles/solve_context_test.dir/tests/solve_context_test.cpp.o
[ 93%] Built target e2e_tier3_m1_combinations
[ 93%] Building CXX object CMakeFiles/model_snapshot_test.dir/tests/model_snapshot_test.cpp.o
[ 94%] Linking CXX executable qp_kkt_benchmark
[ 94%] Built target qp_kkt_benchmark
[ 94%] Building CXX object CMakeFiles/node_view_test.dir/tests/node_view_test.cpp.o
[ 94%] Built target e2e_tier2_m1_boundaries
[ 94%] Building CXX object CMakeFiles/reference_materialisation_test.dir/tests/reference_materialisation_test.cpp.o
[ 94%] Built target verifier_overhead_benchmark
[ 94%] Building CXX object CMakeFiles/node_view_reference_identity_test.dir/tests/node_view_reference_identity_test.cpp.o
[ 94%] Linking CXX executable solve_context_test
[ 94%] Built target solve_context_test
[ 94%] Building CXX object CMakeFiles/worker_context_test.dir/tests/worker_context_test.cpp.o
[ 94%] Linking CXX executable model_snapshot_test
[ 94%] Built target model_snapshot_test
[ 94%] Building CXX object CMakeFiles/resource_failure_test.dir/tests/resource_failure_test.cpp.o
[ 94%] Linking CXX executable lp_rss_benchmark
[ 95%] Linking CXX executable worker_context_test
[ 95%] Built target lp_rss_benchmark
[ 95%] Built target worker_context_test
[ 95%] Building CXX object CMakeFiles/numerical_policy_boundary_test.dir/tests/numerical_policy_boundary_test.cpp.o
[ 95%] Building CXX object CMakeFiles/assurance_label_test.dir/tests/assurance_label_test.cpp.o
[ 96%] Linking CXX executable node_view_test
[ 96%] Built target node_view_test
[ 96%] Building CXX object CMakeFiles/stop_reason_test.dir/tests/stop_reason_test.cpp.o
[ 97%] Linking CXX executable minlp02_proof_benchmark
[ 97%] Linking CXX executable minlp01_oa_benchmark
[ 97%] Linking CXX executable node_view_reference_identity_test
[ 97%] Built target minlp01_oa_benchmark
[ 97%] Building CXX object CMakeFiles/readiness_correctness_test.dir/tests/readiness_correctness_test.cpp.o
[ 97%] Linking CXX executable reference_materialisation_test
[ 97%] Built target reference_materialisation_test
[ 97%] Building CXX object CMakeFiles/mip_proof_test.dir/tests/mip_proof_test.cpp.o
[ 97%] Built target node_view_reference_identity_test
[ 98%] Building CXX object CMakeFiles/readiness_edge_cases_test.dir/tests/readiness_edge_cases_test.cpp.o
[ 98%] Built target minlp02_proof_benchmark
[ 99%] Linking CXX executable numerical_policy_boundary_test
[ 99%] Built target numerical_policy_boundary_test
[ 99%] Linking CXX executable readiness_correctness_test
[ 99%] Linking CXX executable assurance_label_test
[ 99%] Built target readiness_correctness_test
[ 99%] Linking CXX executable resource_failure_test
[ 99%] Linking CXX executable readiness_edge_cases_test
[ 99%] Built target assurance_label_test
[ 99%] Built target resource_failure_test
[ 99%] Linking CXX executable stop_reason_test
[ 99%] Built target readiness_edge_cases_test
[ 99%] Built target stop_reason_test
[100%] Linking CXX executable mip_proof_test
[100%] Built target mip_proof_test
